---
source: crates/parser/src/lib.rs
expression: module
---
Module {
    structs: [
        StructDecl {
            name: "Buffer",
            members: [
                StructMember {
                    attrs: [],
                    name: "data",
                    data_type: Array(
                        Scalar(
                            U32,
                        ),
                        None,
                    ),
                },
            ],
            accessors: {
                Array(
                    Scalar(
                        U32,
                    ),
                    None,
                ): [
                    StructMember {
                        attrs: [],
                        name: "data",
                        data_type: Array(
                            Scalar(
                                U32,
                            ),
                            None,
                        ),
                    },
                ],
            },
        },
    ],
    consts: [],
    vars: [
        GlobalVarDecl {
            attrs: [
                Group(
                    0,
                ),
                Binding(
                    0,
                ),
            ],
            qualifier: Some(
                VarQualifier {
                    storage_class: Storage,
                    access_mode: Some(
                        ReadWrite,
                    ),
                },
            ),
            name: "output",
            data_type: Struct(
                "Buffer",
            ),
            initializer: None,
        },
    ],
    functions: [
        FnDecl {
            attrs: [
                Stage(
                    Compute,
                ),
                WorkgroupSize(
                    1,
                ),
            ],
            name: "main",
            inputs: [],
            output: None,
            body: [
                Compound(
                    [
                        Compound(
                            [
                                If(
                                    IfStatement {
                                        condition: ExprNode {
                                            data_type: Scalar(
                                                Bool,
                                            ),
                                            expr: Lit(
                                                Bool(
                                                    false,
                                                ),
                                            ),
                                        },
                                        body: [
                                            If(
                                                IfStatement {
                                                    condition: ExprNode {
                                                        data_type: Scalar(
                                                            Bool,
                                                        ),
                                                        expr: UnOp(
                                                            UnOpExpr {
                                                                op: Not,
                                                                inner: ExprNode {
                                                                    data_type: Scalar(
                                                                        Bool,
                                                                    ),
                                                                    expr: BinOp(
                                                                        BinOpExpr {
                                                                            op: NotEqual,
                                                                            left: ExprNode {
                                                                                data_type: Scalar(
                                                                                    U32,
                                                                                ),
                                                                                expr: BinOp(
                                                                                    BinOpExpr {
                                                                                        op: Minus,
                                                                                        left: ExprNode {
                                                                                            data_type: Scalar(
                                                                                                U32,
                                                                                            ),
                                                                                            expr: BinOp(
                                                                                                BinOpExpr {
                                                                                                    op: RShift,
                                                                                                    left: ExprNode {
                                                                                                        data_type: Scalar(
                                                                                                            U32,
                                                                                                        ),
                                                                                                        expr: Lit(
                                                                                                            U32(
                                                                                                                1387881967,
                                                                                                            ),
                                                                                                        ),
                                                                                                    },
                                                                                                    right: ExprNode {
                                                                                                        data_type: Scalar(
                                                                                                            U32,
                                                                                                        ),
                                                                                                        expr: UnOp(
                                                                                                            UnOpExpr {
                                                                                                                op: BitNot,
                                                                                                                inner: ExprNode {
                                                                                                                    data_type: Scalar(
                                                                                                                        U32,
                                                                                                                    ),
                                                                                                                    expr: Lit(
                                                                                                                        U32(
                                                                                                                            1884669894,
                                                                                                                        ),
                                                                                                                    ),
                                                                                                                },
                                                                                                            },
                                                                                                        ),
                                                                                                    },
                                                                                                },
                                                                                            ),
                                                                                        },
                                                                                        right: ExprNode {
                                                                                            data_type: Scalar(
                                                                                                U32,
                                                                                            ),
                                                                                            expr: BinOp(
                                                                                                BinOpExpr {
                                                                                                    op: Mod,
                                                                                                    left: ExprNode {
                                                                                                        data_type: Scalar(
                                                                                                            U32,
                                                                                                        ),
                                                                                                        expr: Lit(
                                                                                                            U32(
                                                                                                                3028040736,
                                                                                                            ),
                                                                                                        ),
                                                                                                    },
                                                                                                    right: ExprNode {
                                                                                                        data_type: Scalar(
                                                                                                            U32,
                                                                                                        ),
                                                                                                        expr: Lit(
                                                                                                            U32(
                                                                                                                82613919,
                                                                                                            ),
                                                                                                        ),
                                                                                                    },
                                                                                                },
                                                                                            ),
                                                                                        },
                                                                                    },
                                                                                ),
                                                                            },
                                                                            right: ExprNode {
                                                                                data_type: Scalar(
                                                                                    U32,
                                                                                ),
                                                                                expr: Lit(
                                                                                    U32(
                                                                                        1398318594,
                                                                                    ),
                                                                                ),
                                                                            },
                                                                        },
                                                                    ),
                                                                },
                                                            },
                                                        ),
                                                    },
                                                    body: [
                                                        VarDecl(
                                                            VarDeclStatement {
                                                                ident: "var_0",
                                                                data_type: None,
                                                                initializer: Some(
                                                                    ExprNode {
                                                                        data_type: Scalar(
                                                                            Bool,
                                                                        ),
                                                                        expr: Lit(
                                                                            Bool(
                                                                                false,
                                                                            ),
                                                                        ),
                                                                    },
                                                                ),
                                                            },
                                                        ),
                                                    ],
                                                    else_: None,
                                                },
                                            ),
                                        ],
                                        else_: None,
                                    },
                                ),
                            ],
                        ),
                    ],
                ),
                LetDecl(
                    LetDeclStatement {
                        ident: "var_0",
                        initializer: ExprNode {
                            data_type: Vector(
                                4,
                                Bool,
                            ),
                            expr: UnOp(
                                UnOpExpr {
                                    op: Not,
                                    inner: ExprNode {
                                        data_type: Vector(
                                            4,
                                            Bool,
                                        ),
                                        expr: UnOp(
                                            UnOpExpr {
                                                op: Not,
                                                inner: ExprNode {
                                                    data_type: Vector(
                                                        4,
                                                        Bool,
                                                    ),
                                                    expr: UnOp(
                                                        UnOpExpr {
                                                            op: Not,
                                                            inner: ExprNode {
                                                                data_type: Vector(
                                                                    4,
                                                                    Bool,
                                                                ),
                                                                expr: TypeCons(
                                                                    TypeConsExpr {
                                                                        data_type: Vector(
                                                                            4,
                                                                            Bool,
                                                                        ),
                                                                        args: [
                                                                            ExprNode {
                                                                                data_type: Scalar(
                                                                                    Bool,
                                                                                ),
                                                                                expr: Lit(
                                                                                    Bool(
                                                                                        false,
                                                                                    ),
                                                                                ),
                                                                            },
                                                                            ExprNode {
                                                                                data_type: Scalar(
                                                                                    Bool,
                                                                                ),
                                                                                expr: Lit(
                                                                                    Bool(
                                                                                        false,
                                                                                    ),
                                                                                ),
                                                                            },
                                                                            ExprNode {
                                                                                data_type: Scalar(
                                                                                    Bool,
                                                                                ),
                                                                                expr: Lit(
                                                                                    Bool(
                                                                                        false,
                                                                                    ),
                                                                                ),
                                                                            },
                                                                            ExprNode {
                                                                                data_type: Scalar(
                                                                                    Bool,
                                                                                ),
                                                                                expr: UnOp(
                                                                                    UnOpExpr {
                                                                                        op: Not,
                                                                                        inner: ExprNode {
                                                                                            data_type: Scalar(
                                                                                                Bool,
                                                                                            ),
                                                                                            expr: Lit(
                                                                                                Bool(
                                                                                                    true,
                                                                                                ),
                                                                                            ),
                                                                                        },
                                                                                    },
                                                                                ),
                                                                            },
                                                                        ],
                                                                    },
                                                                ),
                                                            },
                                                        },
                                                    ),
                                                },
                                            },
                                        ),
                                    },
                                },
                            ),
                        },
                    },
                ),
                Assignment(
                    AssignmentStatement {
                        lhs: Expr(
                            LhsExprNode {
                                data_type: Ref(
                                    MemoryViewType {
                                        inner: Scalar(
                                            U32,
                                        ),
                                        storage_class: Storage,
                                        access_mode: ReadWrite,
                                    },
                                ),
                                expr: Postfix(
                                    LhsExprNode {
                                        data_type: Ref(
                                            MemoryViewType {
                                                inner: Array(
                                                    Scalar(
                                                        U32,
                                                    ),
                                                    None,
                                                ),
                                                storage_class: Storage,
                                                access_mode: ReadWrite,
                                            },
                                        ),
                                        expr: Postfix(
                                            LhsExprNode {
                                                data_type: Ref(
                                                    MemoryViewType {
                                                        inner: Struct(
                                                            "Buffer",
                                                        ),
                                                        storage_class: Storage,
                                                        access_mode: ReadWrite,
                                                    },
                                                ),
                                                expr: Ident(
                                                    "output",
                                                ),
                                            },
                                            Member(
                                                "data",
                                            ),
                                        ),
                                    },
                                    Index(
                                        ExprNode {
                                            data_type: Scalar(
                                                U32,
                                            ),
                                            expr: Lit(
                                                U32(
                                                    0,
                                                ),
                                            ),
                                        },
                                    ),
                                ),
                            },
                        ),
                        op: Simple,
                        rhs: ExprNode {
                            data_type: Scalar(
                                U32,
                            ),
                            expr: UnOp(
                                UnOpExpr {
                                    op: BitNot,
                                    inner: ExprNode {
                                        data_type: Scalar(
                                            U32,
                                        ),
                                        expr: Lit(
                                            U32(
                                                2945982236,
                                            ),
                                        ),
                                    },
                                },
                            ),
                        },
                    },
                ),
            ],
        },
    ],
}
